{"__type":"$$EventMessageAudit","id":"ffc7e315-e11f-414a-8bbb-ab64991da3c1","ts":"2026-07-26T15:36:36.223+05:30","eventName":"n8n.audit.user.login.failed","message":"n8n.audit.user.login.failed","payload":{"authenticationMethod":"email","userEmail":"vinayagarwal5@gmail.com","reason":"wrong credentials"}}
{"__type":"$$EventMessageConfirm","confirm":"ffc7e315-e11f-414a-8bbb-ab64991da3c1","ts":"2026-07-26T15:36:36.223+05:30","source":{"id":"0","name":"eventBus"}}
{"__type":"$$EventMessageAudit","id":"44f8338d-f565-4f63-8c9e-73fcbe40eb3f","ts":"2026-07-26T15:36:43.708+05:30","eventName":"n8n.audit.user.login.failed","message":"n8n.audit.user.login.failed","payload":{"authenticationMethod":"email","userEmail":"vinayagarwal5@gmail.com","reason":"wrong credentials"}}
{"__type":"$$EventMessageConfirm","confirm":"44f8338d-f565-4f63-8c9e-73fcbe40eb3f","ts":"2026-07-26T15:36:43.708+05:30","source":{"id":"0","name":"eventBus"}}
{"__type":"$$EventMessageAudit","id":"06ada99c-ddd3-4081-95cc-92882e330c4d","ts":"2026-07-26T15:36:51.298+05:30","eventName":"n8n.audit.user.login.success","message":"n8n.audit.user.login.success","payload":{"userId":"293702ed-3264-4a03-95ae-718b64724fe5","_email":"vinayagarwal5@gmail.com","_firstName":"vinay","_lastName":"agrawal","globalRole":"global:owner","authenticationMethod":"email"}}
{"__type":"$$EventMessageConfirm","confirm":"06ada99c-ddd3-4081-95cc-92882e330c4d","ts":"2026-07-26T15:36:51.298+05:30","source":{"id":"0","name":"eventBus"}}
{"__type":"$$EventMessageAudit","id":"18c1cedd-261b-4bd1-be9b-77d2225f993e","ts":"2026-07-26T15:37:26.163+05:30","eventName":"n8n.audit.workflow.updated","message":"n8n.audit.workflow.updated","payload":{"userId":"293702ed-3264-4a03-95ae-718b64724fe5","_email":"vinayagarwal5@gmail.com","_firstName":"vinay","_lastName":"agrawal","globalRole":"global:owner","workflowId":"nYNll669LMqmDdLe","workflowName":"My workflow"}}
{"__type":"$$EventMessageConfirm","confirm":"18c1cedd-261b-4bd1-be9b-77d2225f993e","ts":"2026-07-26T15:37:26.164+05:30","source":{"id":"0","name":"eventBus"}}
{"__type":"$$EventMessageAudit","id":"4270fc0c-1ac9-4d3c-a280-8cd19893dc22","ts":"2026-07-26T15:37:53.758+05:30","eventName":"n8n.audit.workflow.updated","message":"n8n.audit.workflow.updated","payload":{"userId":"293702ed-3264-4a03-95ae-718b64724fe5","_email":"vinayagarwal5@gmail.com","_firstName":"vinay","_lastName":"agrawal","globalRole":"global:owner","workflowId":"nYNll669LMqmDdLe","workflowName":"My workflow"}}
{"__type":"$$EventMessageConfirm","confirm":"4270fc0c-1ac9-4d3c-a280-8cd19893dc22","ts":"2026-07-26T15:37:53.758+05:30","source":{"id":"0","name":"eventBus"}}
{"__type":"$$EventMessageAudit","id":"f9f0096d-5341-43c1-a4dc-adde0ee9e674","ts":"2026-07-26T15:39:15.251+05:30","eventName":"n8n.audit.workflow.updated","message":"n8n.audit.workflow.updated","payload":{"userId":"293702ed-3264-4a03-95ae-718b64724fe5","_email":"vinayagarwal5@gmail.com","_firstName":"vinay","_lastName":"agrawal","globalRole":"global:owner","workflowId":"nYNll669LMqmDdLe","workflowName":"Personal Finance ETL"}}
{"__type":"$$EventMessageConfirm","confirm":"f9f0096d-5341-43c1-a4dc-adde0ee9e674","ts":"2026-07-26T15:39:15.251+05:30","source":{"id":"0","name":"eventBus"}}
{"__type":"$$EventMessageAudit","id":"bee48668-b453-4ea8-ae62-c8fca6d79e5b","ts":"2026-07-26T15:39:47.113+05:30","eventName":"n8n.audit.workflow.updated","message":"n8n.audit.workflow.updated","payload":{"userId":"293702ed-3264-4a03-95ae-718b64724fe5","_email":"vinayagarwal5@gmail.com","_firstName":"vinay","_lastName":"agrawal","globalRole":"global:owner","workflowId":"nYNll669LMqmDdLe","workflowName":"Personal Finance ETL"}}
{"__type":"$$EventMessageConfirm","confirm":"bee48668-b453-4ea8-ae62-c8fca6d79e5b","ts":"2026-07-26T15:39:47.113+05:30","source":{"id":"0","name":"eventBus"}}
{"__type":"$$EventMessageAudit","id":"738250a2-6e21-4425-85fd-aa6c998987ce","ts":"2026-07-26T15:41:13.457+05:30","eventName":"n8n.audit.workflow.updated","message":"n8n.audit.workflow.updated","payload":{"userId":"293702ed-3264-4a03-95ae-718b64724fe5","_email":"vinayagarwal5@gmail.com","_firstName":"vinay","_lastName":"agrawal","globalRole":"global:owner","workflowId":"nYNll669LMqmDdLe","workflowName":"Personal Finance ETL"}}
{"__type":"$$EventMessageConfirm","confirm":"738250a2-6e21-4425-85fd-aa6c998987ce","ts":"2026-07-26T15:41:13.458+05:30","source":{"id":"0","name":"eventBus"}}
{"__type":"$$EventMessageAudit","id":"81c874f0-6772-4863-b77b-3283d07ec61a","ts":"2026-07-26T15:41:16.242+05:30","eventName":"n8n.audit.workflow.updated","message":"n8n.audit.workflow.updated","payload":{"userId":"293702ed-3264-4a03-95ae-718b64724fe5","_email":"vinayagarwal5@gmail.com","_firstName":"vinay","_lastName":"agrawal","globalRole":"global:owner","workflowId":"nYNll669LMqmDdLe","workflowName":"Personal Finance ETL"}}
{"__type":"$$EventMessageConfirm","confirm":"81c874f0-6772-4863-b77b-3283d07ec61a","ts":"2026-07-26T15:41:16.242+05:30","source":{"id":"0","name":"eventBus"}}
{"__type":"$$EventMessageAudit","id":"f597af8d-a49a-4932-96a1-82ea09632dd5","ts":"2026-07-26T15:41:31.499+05:30","eventName":"n8n.audit.workflow.updated","message":"n8n.audit.workflow.updated","payload":{"userId":"293702ed-3264-4a03-95ae-718b64724fe5","_email":"vinayagarwal5@gmail.com","_firstName":"vinay","_lastName":"agrawal","globalRole":"global:owner","workflowId":"nYNll669LMqmDdLe","workflowName":"Personal Finance ETL"}}
{"__type":"$$EventMessageConfirm","confirm":"f597af8d-a49a-4932-96a1-82ea09632dd5","ts":"2026-07-26T15:41:31.499+05:30","source":{"id":"0","name":"eventBus"}}
{"__type":"$$EventMessageAudit","id":"64767e2d-3e16-4131-8217-da49c3f6ff64","ts":"2026-07-26T15:41:35.718+05:30","eventName":"n8n.audit.workflow.updated","message":"n8n.audit.workflow.updated","payload":{"userId":"293702ed-3264-4a03-95ae-718b64724fe5","_email":"vinayagarwal5@gmail.com","_firstName":"vinay","_lastName":"agrawal","globalRole":"global:owner","workflowId":"nYNll669LMqmDdLe","workflowName":"Personal Finance ETL"}}
{"__type":"$$EventMessageConfirm","confirm":"64767e2d-3e16-4131-8217-da49c3f6ff64","ts":"2026-07-26T15:41:35.718+05:30","source":{"id":"0","name":"eventBus"}}
{"__type":"$$EventMessageAudit","id":"d147ad6d-9a9a-4f9c-8c13-aaed1eed22d6","ts":"2026-07-26T15:41:44.235+05:30","eventName":"n8n.audit.workflow.executed","message":"n8n.audit.workflow.executed","payload":{"userId":"293702ed-3264-4a03-95ae-718b64724fe5","_email":"vinayagarwal5@gmail.com","_firstName":"vinay","_lastName":"agrawal","globalRole":"global:owner","workflowId":"nYNll669LMqmDdLe","workflowName":"Personal Finance ETL","executionId":"1","source":"user-manual"}}
{"__type":"$$EventMessageConfirm","confirm":"d147ad6d-9a9a-4f9c-8c13-aaed1eed22d6","ts":"2026-07-26T15:41:44.236+05:30","source":{"id":"0","name":"eventBus"}}
{"__type":"$$EventMessageWorkflow","id":"ff811a0e-6ba9-4986-9641-69689170c897","ts":"2026-07-26T15:41:44.242+05:30","eventName":"n8n.workflow.started","message":"n8n.workflow.started","payload":{"executionId":"1","workflowId":"nYNll669LMqmDdLe","isManual":false,"mode":"manual","workflowName":"Personal Finance ETL","projectId":"D4m0ndEyt92ibYSD","projectName":"vinay agrawal <vinayagarwal5@gmail.com>"}}
{"__type":"$$EventMessageConfirm","confirm":"ff811a0e-6ba9-4986-9641-69689170c897","ts":"2026-07-26T15:41:44.242+05:30","source":{"id":"0","name":"eventBus"}}
{"__type":"$$EventMessageNode","id":"a68ec208-b1c8-4b17-96c3-8cd03b1bf173","ts":"2026-07-26T15:41:44.258+05:30","eventName":"n8n.node.started","message":"n8n.node.started","payload":{"workflowId":"nYNll669LMqmDdLe","workflowName":"Personal Finance ETL","executionId":"1","nodeType":"n8n-nodes-base.manualTrigger","nodeName":"When clicking ‘Execute workflow’","nodeId":"1208588b-2d59-46ea-b958-cb59db47d1d2"}}
{"__type":"$$EventMessageConfirm","confirm":"a68ec208-b1c8-4b17-96c3-8cd03b1bf173","ts":"2026-07-26T15:41:44.258+05:30","source":{"id":"0","name":"eventBus"}}
{"__type":"$$EventMessageNode","id":"872673f0-4ae1-447d-9216-d29ea968c3bb","ts":"2026-07-26T15:41:44.263+05:30","eventName":"n8n.node.finished","message":"n8n.node.finished","payload":{"workflowId":"nYNll669LMqmDdLe","workflowName":"Personal Finance ETL","executionId":"1","nodeType":"n8n-nodes-base.manualTrigger","nodeName":"When clicking ‘Execute workflow’","nodeId":"1208588b-2d59-46ea-b958-cb59db47d1d2"}}
{"__type":"$$EventMessageConfirm","confirm":"872673f0-4ae1-447d-9216-d29ea968c3bb","ts":"2026-07-26T15:41:44.263+05:30","source":{"id":"0","name":"eventBus"}}
{"__type":"$$EventMessageNode","id":"5617904d-ffdf-49eb-8eed-7f574ac4f123","ts":"2026-07-26T15:41:44.266+05:30","eventName":"n8n.node.started","message":"n8n.node.started","payload":{"workflowId":"nYNll669LMqmDdLe","workflowName":"Personal Finance ETL","executionId":"1","nodeType":"n8n-nodes-base.readWriteFile","nodeName":"Read/Write Files from Disk","nodeId":"08dafc94-ab60-485d-8e82-48fa1a86e732"}}
{"__type":"$$EventMessageConfirm","confirm":"5617904d-ffdf-49eb-8eed-7f574ac4f123","ts":"2026-07-26T15:41:44.266+05:30","source":{"id":"0","name":"eventBus"}}
{"__type":"$$EventMessageNode","id":"2822a4a4-ffe3-49c3-acb5-112161298909","ts":"2026-07-26T15:41:44.381+05:30","eventName":"n8n.node.finished","message":"n8n.node.finished","payload":{"workflowId":"nYNll669LMqmDdLe","workflowName":"Personal Finance ETL","executionId":"1","nodeType":"n8n-nodes-base.readWriteFile","nodeName":"Read/Write Files from Disk","nodeId":"08dafc94-ab60-485d-8e82-48fa1a86e732"}}
{"__type":"$$EventMessageConfirm","confirm":"2822a4a4-ffe3-49c3-acb5-112161298909","ts":"2026-07-26T15:41:44.381+05:30","source":{"id":"0","name":"eventBus"}}
{"__type":"$$EventMessageWorkflow","id":"2c28ccc8-0506-41fb-960d-4fcb4baed35e","ts":"2026-07-26T15:41:44.406+05:30","eventName":"n8n.workflow.failed","message":"n8n.workflow.failed","payload":{"userId":"293702ed-3264-4a03-95ae-718b64724fe5","executionId":"1","success":false,"isManual":true,"mode":"manual","workflowId":"nYNll669LMqmDdLe","workflowName":"Personal Finance ETL","projectId":"D4m0ndEyt92ibYSD","projectName":"vinay agrawal <vinayagarwal5@gmail.com>","lastNodeExecuted":"Read/Write Files from Disk","errorNodeType":"n8n-nodes-base.readWriteFile","errorMessage":"Access to the file is not allowed. Allowed paths: /home/node/.n8n-files"}}
{"__type":"$$EventMessageConfirm","confirm":"2c28ccc8-0506-41fb-960d-4fcb4baed35e","ts":"2026-07-26T15:41:44.406+05:30","source":{"id":"0","name":"eventBus"}}
{"__type":"$$EventMessageAudit","id":"7842f7fb-683a-44e7-845b-48d809e8a251","ts":"2026-07-26T15:42:08.090+05:30","eventName":"n8n.audit.workflow.updated","message":"n8n.audit.workflow.updated","payload":{"userId":"293702ed-3264-4a03-95ae-718b64724fe5","_email":"vinayagarwal5@gmail.com","_firstName":"vinay","_lastName":"agrawal","globalRole":"global:owner","workflowId":"nYNll669LMqmDdLe","workflowName":"Personal Finance ETL"}}
{"__type":"$$EventMessageConfirm","confirm":"7842f7fb-683a-44e7-845b-48d809e8a251","ts":"2026-07-26T15:42:08.090+05:30","source":{"id":"0","name":"eventBus"}}
{"__type":"$$EventMessageAudit","id":"a48f8c68-1805-4639-9a8d-dc2e5877222b","ts":"2026-07-26T15:42:08.183+05:30","eventName":"n8n.audit.workflow.executed","message":"n8n.audit.workflow.executed","payload":{"userId":"293702ed-3264-4a03-95ae-718b64724fe5","_email":"vinayagarwal5@gmail.com","_firstName":"vinay","_lastName":"agrawal","globalRole":"global:owner","workflowId":"nYNll669LMqmDdLe","workflowName":"Personal Finance ETL","executionId":"2","source":"user-manual"}}
{"__type":"$$EventMessageConfirm","confirm":"a48f8c68-1805-4639-9a8d-dc2e5877222b","ts":"2026-07-26T15:42:08.183+05:30","source":{"id":"0","name":"eventBus"}}
{"__type":"$$EventMessageWorkflow","id":"f341d9de-5805-42fb-aaf7-c7d1cdaebb48","ts":"2026-07-26T15:42:08.184+05:30","eventName":"n8n.workflow.started","message":"n8n.workflow.started","payload":{"executionId":"2","workflowId":"nYNll669LMqmDdLe","isManual":false,"mode":"manual","workflowName":"Personal Finance ETL","projectId":"D4m0ndEyt92ibYSD","projectName":"vinay agrawal <vinayagarwal5@gmail.com>"}}
{"__type":"$$EventMessageConfirm","confirm":"f341d9de-5805-42fb-aaf7-c7d1cdaebb48","ts":"2026-07-26T15:42:08.184+05:30","source":{"id":"0","name":"eventBus"}}
{"__type":"$$EventMessageNode","id":"dd8ab6a9-55de-4b94-be09-432a5968fe39","ts":"2026-07-26T15:42:08.201+05:30","eventName":"n8n.node.started","message":"n8n.node.started","payload":{"workflowId":"nYNll669LMqmDdLe","workflowName":"Personal Finance ETL","executionId":"2","nodeType":"n8n-nodes-base.readWriteFile","nodeName":"Read/Write Files from Disk","nodeId":"08dafc94-ab60-485d-8e82-48fa1a86e732"}}
{"__type":"$$EventMessageConfirm","confirm":"dd8ab6a9-55de-4b94-be09-432a5968fe39","ts":"2026-07-26T15:42:08.201+05:30","source":{"id":"0","name":"eventBus"}}
{"__type":"$$EventMessageNode","id":"716c34a6-e132-400b-8360-50ffdb5ab414","ts":"2026-07-26T15:42:08.209+05:30","eventName":"n8n.node.finished","message":"n8n.node.finished","payload":{"workflowId":"nYNll669LMqmDdLe","workflowName":"Personal Finance ETL","executionId":"2","nodeType":"n8n-nodes-base.readWriteFile","nodeName":"Read/Write Files from Disk","nodeId":"08dafc94-ab60-485d-8e82-48fa1a86e732"}}
{"__type":"$$EventMessageConfirm","confirm":"716c34a6-e132-400b-8360-50ffdb5ab414","ts":"2026-07-26T15:42:08.209+05:30","source":{"id":"0","name":"eventBus"}}
{"__type":"$$EventMessageWorkflow","id":"dcb8f73b-09d5-4fb3-b0a0-472400718151","ts":"2026-07-26T15:42:08.213+05:30","eventName":"n8n.workflow.failed","message":"n8n.workflow.failed","payload":{"userId":"293702ed-3264-4a03-95ae-718b64724fe5","executionId":"2","success":false,"isManual":true,"mode":"manual","workflowId":"nYNll669LMqmDdLe","workflowName":"Personal Finance ETL","projectId":"D4m0ndEyt92ibYSD","projectName":"vinay agrawal <vinayagarwal5@gmail.com>","lastNodeExecuted":"Read/Write Files from Disk","errorNodeType":"n8n-nodes-base.readWriteFile","errorMessage":"No file(s) found"}}
{"__type":"$$EventMessageConfirm","confirm":"dcb8f73b-09d5-4fb3-b0a0-472400718151","ts":"2026-07-26T15:42:08.213+05:30","source":{"id":"0","name":"eventBus"}}
{"__type":"$$EventMessageAudit","id":"8db51686-9be0-4df6-a58e-fb704f17da0a","ts":"2026-07-26T15:42:19.220+05:30","eventName":"n8n.audit.workflow.updated","message":"n8n.audit.workflow.updated","payload":{"userId":"293702ed-3264-4a03-95ae-718b64724fe5","_email":"vinayagarwal5@gmail.com","_firstName":"vinay","_lastName":"agrawal","globalRole":"global:owner","workflowId":"nYNll669LMqmDdLe","workflowName":"Personal Finance ETL"}}
{"__type":"$$EventMessageConfirm","confirm":"8db51686-9be0-4df6-a58e-fb704f17da0a","ts":"2026-07-26T15:42:19.220+05:30","source":{"id":"0","name":"eventBus"}}
{"__type":"$$EventMessageAudit","id":"bb1dc145-02b3-48e1-8c93-05cf7d4b3e94","ts":"2026-07-26T15:42:25.403+05:30","eventName":"n8n.audit.workflow.updated","message":"n8n.audit.workflow.updated","payload":{"userId":"293702ed-3264-4a03-95ae-718b64724fe5","_email":"vinayagarwal5@gmail.com","_firstName":"vinay","_lastName":"agrawal","globalRole":"global:owner","workflowId":"nYNll669LMqmDdLe","workflowName":"Personal Finance ETL"}}
{"__type":"$$EventMessageConfirm","confirm":"bb1dc145-02b3-48e1-8c93-05cf7d4b3e94","ts":"2026-07-26T15:42:25.403+05:30","source":{"id":"0","name":"eventBus"}}
{"__type":"$$EventMessageAudit","id":"332054d0-faa3-4fc6-827c-55d27571e6e7","ts":"2026-07-26T15:42:50.864+05:30","eventName":"n8n.audit.workflow.updated","message":"n8n.audit.workflow.updated","payload":{"userId":"293702ed-3264-4a03-95ae-718b64724fe5","_email":"vinayagarwal5@gmail.com","_firstName":"vinay","_lastName":"agrawal","globalRole":"global:owner","workflowId":"nYNll669LMqmDdLe","workflowName":"Personal Finance ETL"}}
{"__type":"$$EventMessageConfirm","confirm":"332054d0-faa3-4fc6-827c-55d27571e6e7","ts":"2026-07-26T15:42:50.865+05:30","source":{"id":"0","name":"eventBus"}}
{"__type":"$$EventMessageAudit","id":"c94e7fca-7092-4ae8-952b-fd73c0b43fbf","ts":"2026-07-26T15:42:53.505+05:30","eventName":"n8n.audit.workflow.updated","message":"n8n.audit.workflow.updated","payload":{"userId":"293702ed-3264-4a03-95ae-718b64724fe5","_email":"vinayagarwal5@gmail.com","_firstName":"vinay","_lastName":"agrawal","globalRole":"global:owner","workflowId":"nYNll669LMqmDdLe","workflowName":"Personal Finance ETL"}}
{"__type":"$$EventMessageConfirm","confirm":"c94e7fca-7092-4ae8-952b-fd73c0b43fbf","ts":"2026-07-26T15:42:53.505+05:30","source":{"id":"0","name":"eventBus"}}
{"__type":"$$EventMessageAudit","id":"8351bff6-326e-4f2e-9b56-57205500f65a","ts":"2026-07-26T15:44:27.764+05:30","eventName":"n8n.audit.workflow.executed","message":"n8n.audit.workflow.executed","payload":{"userId":"293702ed-3264-4a03-95ae-718b64724fe5","_email":"vinayagarwal5@gmail.com","_firstName":"vinay","_lastName":"agrawal","globalRole":"global:owner","workflowId":"nYNll669LMqmDdLe","workflowName":"Personal Finance ETL","executionId":"3","source":"user-manual"}}
{"__type":"$$EventMessageConfirm","confirm":"8351bff6-326e-4f2e-9b56-57205500f65a","ts":"2026-07-26T15:44:27.764+05:30","source":{"id":"0","name":"eventBus"}}
{"__type":"$$EventMessageWorkflow","id":"27ccf921-3a55-4348-aa13-3071bd428da4","ts":"2026-07-26T15:44:27.765+05:30","eventName":"n8n.workflow.started","message":"n8n.workflow.started","payload":{"executionId":"3","workflowId":"nYNll669LMqmDdLe","isManual":false,"mode":"manual","workflowName":"Personal Finance ETL","projectId":"D4m0ndEyt92ibYSD","projectName":"vinay agrawal <vinayagarwal5@gmail.com>"}}
{"__type":"$$EventMessageConfirm","confirm":"27ccf921-3a55-4348-aa13-3071bd428da4","ts":"2026-07-26T15:44:27.765+05:30","source":{"id":"0","name":"eventBus"}}
{"__type":"$$EventMessageNode","id":"e5acb617-cab9-43fe-944b-c6dbbbcf8387","ts":"2026-07-26T15:44:27.783+05:30","eventName":"n8n.node.started","message":"n8n.node.started","payload":{"workflowId":"nYNll669LMqmDdLe","workflowName":"Personal Finance ETL","executionId":"3","nodeType":"n8n-nodes-base.readWriteFile","nodeName":"Read/Write Files from Disk","nodeId":"08dafc94-ab60-485d-8e82-48fa1a86e732"}}
{"__type":"$$EventMessageConfirm","confirm":"e5acb617-cab9-43fe-944b-c6dbbbcf8387","ts":"2026-07-26T15:44:27.784+05:30","source":{"id":"0","name":"eventBus"}}
{"__type":"$$EventMessageNode","id":"5f8b0189-f0b2-4768-8d22-423d677fe70e","ts":"2026-07-26T15:44:27.787+05:30","eventName":"n8n.node.finished","message":"n8n.node.finished","payload":{"workflowId":"nYNll669LMqmDdLe","workflowName":"Personal Finance ETL","executionId":"3","nodeType":"n8n-nodes-base.readWriteFile","nodeName":"Read/Write Files from Disk","nodeId":"08dafc94-ab60-485d-8e82-48fa1a86e732"}}
{"__type":"$$EventMessageConfirm","confirm":"5f8b0189-f0b2-4768-8d22-423d677fe70e","ts":"2026-07-26T15:44:27.787+05:30","source":{"id":"0","name":"eventBus"}}
{"__type":"$$EventMessageWorkflow","id":"8003135b-7d9f-422b-ba7b-8ec4d464b34d","ts":"2026-07-26T15:44:27.789+05:30","eventName":"n8n.workflow.failed","message":"n8n.workflow.failed","payload":{"userId":"293702ed-3264-4a03-95ae-718b64724fe5","executionId":"3","success":false,"isManual":true,"mode":"manual","workflowId":"nYNll669LMqmDdLe","workflowName":"Personal Finance ETL","projectId":"D4m0ndEyt92ibYSD","projectName":"vinay agrawal <vinayagarwal5@gmail.com>","lastNodeExecuted":"Read/Write Files from Disk","errorNodeType":"n8n-nodes-base.readWriteFile","errorMessage":"No file(s) found"}}
{"__type":"$$EventMessageConfirm","confirm":"8003135b-7d9f-422b-ba7b-8ec4d464b34d","ts":"2026-07-26T15:44:27.789+05:30","source":{"id":"0","name":"eventBus"}}
{"__type":"$$EventMessageAudit","id":"58c18344-3871-45b9-b2fe-3eb82257c83a","ts":"2026-07-26T15:45:56.315+05:30","eventName":"n8n.audit.workflow.updated","message":"n8n.audit.workflow.updated","payload":{"userId":"293702ed-3264-4a03-95ae-718b64724fe5","_email":"vinayagarwal5@gmail.com","_firstName":"vinay","_lastName":"agrawal","globalRole":"global:owner","workflowId":"nYNll669LMqmDdLe","workflowName":"Personal Finance ETL"}}
{"__type":"$$EventMessageConfirm","confirm":"58c18344-3871-45b9-b2fe-3eb82257c83a","ts":"2026-07-26T15:45:56.315+05:30","source":{"id":"0","name":"eventBus"}}
{"__type":"$$EventMessageAudit","id":"0d3f3d33-8ad0-447d-9af2-be32d83c0881","ts":"2026-07-26T15:46:04.590+05:30","eventName":"n8n.audit.workflow.updated","message":"n8n.audit.workflow.updated","payload":{"userId":"293702ed-3264-4a03-95ae-718b64724fe5","_email":"vinayagarwal5@gmail.com","_firstName":"vinay","_lastName":"agrawal","globalRole":"global:owner","workflowId":"nYNll669LMqmDdLe","workflowName":"Personal Finance ETL"}}
{"__type":"$$EventMessageConfirm","confirm":"0d3f3d33-8ad0-447d-9af2-be32d83c0881","ts":"2026-07-26T15:46:04.590+05:30","source":{"id":"0","name":"eventBus"}}
{"__type":"$$EventMessageAudit","id":"8aa55859-b992-4563-91a7-dfa0d3250e8a","ts":"2026-07-26T15:46:09.521+05:30","eventName":"n8n.audit.workflow.updated","message":"n8n.audit.workflow.updated","payload":{"userId":"293702ed-3264-4a03-95ae-718b64724fe5","_email":"vinayagarwal5@gmail.com","_firstName":"vinay","_lastName":"agrawal","globalRole":"global:owner","workflowId":"nYNll669LMqmDdLe","workflowName":"Personal Finance ETL"}}
{"__type":"$$EventMessageConfirm","confirm":"8aa55859-b992-4563-91a7-dfa0d3250e8a","ts":"2026-07-26T15:46:09.521+05:30","source":{"id":"0","name":"eventBus"}}
{"__type":"$$EventMessageAudit","id":"30221e6b-9170-4907-846e-bdb4bfaf09a7","ts":"2026-07-26T15:46:13.638+05:30","eventName":"n8n.audit.workflow.updated","message":"n8n.audit.workflow.updated","payload":{"userId":"293702ed-3264-4a03-95ae-718b64724fe5","_email":"vinayagarwal5@gmail.com","_firstName":"vinay","_lastName":"agrawal","globalRole":"global:owner","workflowId":"nYNll669LMqmDdLe","workflowName":"Personal Finance ETL"}}
{"__type":"$$EventMessageConfirm","confirm":"30221e6b-9170-4907-846e-bdb4bfaf09a7","ts":"2026-07-26T15:46:13.638+05:30","source":{"id":"0","name":"eventBus"}}
{"__type":"$$EventMessageAudit","id":"019c8219-5bc2-49e6-bcac-06953d31265c","ts":"2026-07-26T15:46:16.835+05:30","eventName":"n8n.audit.workflow.updated","message":"n8n.audit.workflow.updated","payload":{"userId":"293702ed-3264-4a03-95ae-718b64724fe5","_email":"vinayagarwal5@gmail.com","_firstName":"vinay","_lastName":"agrawal","globalRole":"global:owner","workflowId":"nYNll669LMqmDdLe","workflowName":"Personal Finance ETL"}}
{"__type":"$$EventMessageConfirm","confirm":"019c8219-5bc2-49e6-bcac-06953d31265c","ts":"2026-07-26T15:46:16.835+05:30","source":{"id":"0","name":"eventBus"}}
{"__type":"$$EventMessageAudit","id":"d8f38315-cf61-4361-8a86-0260114af405","ts":"2026-07-26T15:46:19.011+05:30","eventName":"n8n.audit.workflow.updated","message":"n8n.audit.workflow.updated","payload":{"userId":"293702ed-3264-4a03-95ae-718b64724fe5","_email":"vinayagarwal5@gmail.com","_firstName":"vinay","_lastName":"agrawal","globalRole":"global:owner","workflowId":"nYNll669LMqmDdLe","workflowName":"Personal Finance ETL"}}
{"__type":"$$EventMessageConfirm","confirm":"d8f38315-cf61-4361-8a86-0260114af405","ts":"2026-07-26T15:46:19.012+05:30","source":{"id":"0","name":"eventBus"}}
{"__type":"$$EventMessageAudit","id":"f0ecb92f-dc4b-4e83-8f81-29ff6e0f8a62","ts":"2026-07-26T15:46:22.046+05:30","eventName":"n8n.audit.workflow.executed","message":"n8n.audit.workflow.executed","payload":{"userId":"293702ed-3264-4a03-95ae-718b64724fe5","_email":"vinayagarwal5@gmail.com","_firstName":"vinay","_lastName":"agrawal","globalRole":"global:owner","workflowId":"nYNll669LMqmDdLe","workflowName":"Personal Finance ETL","executionId":"4","source":"user-manual"}}
{"__type":"$$EventMessageConfirm","confirm":"f0ecb92f-dc4b-4e83-8f81-29ff6e0f8a62","ts":"2026-07-26T15:46:22.046+05:30","source":{"id":"0","name":"eventBus"}}
{"__type":"$$EventMessageWorkflow","id":"4b16af0a-0d1e-49bf-b158-37d0ac18f8c4","ts":"2026-07-26T15:46:22.047+05:30","eventName":"n8n.workflow.started","message":"n8n.workflow.started","payload":{"executionId":"4","workflowId":"nYNll669LMqmDdLe","isManual":false,"mode":"manual","workflowName":"Personal Finance ETL","projectId":"D4m0ndEyt92ibYSD","projectName":"vinay agrawal <vinayagarwal5@gmail.com>"}}
{"__type":"$$EventMessageConfirm","confirm":"4b16af0a-0d1e-49bf-b158-37d0ac18f8c4","ts":"2026-07-26T15:46:22.047+05:30","source":{"id":"0","name":"eventBus"}}
{"__type":"$$EventMessageNode","id":"2af8bf69-31b8-41a7-a556-612546dab621","ts":"2026-07-26T15:46:22.066+05:30","eventName":"n8n.node.started","message":"n8n.node.started","payload":{"workflowId":"nYNll669LMqmDdLe","workflowName":"Personal Finance ETL","executionId":"4","nodeType":"n8n-nodes-base.readWriteFile","nodeName":"Read/Write Files from Disk","nodeId":"08dafc94-ab60-485d-8e82-48fa1a86e732"}}
{"__type":"$$EventMessageConfirm","confirm":"2af8bf69-31b8-41a7-a556-612546dab621","ts":"2026-07-26T15:46:22.066+05:30","source":{"id":"0","name":"eventBus"}}
{"__type":"$$EventMessageNode","id":"5b5b5c4f-9422-4f81-bea7-13c8a4c223a4","ts":"2026-07-26T15:46:22.074+05:30","eventName":"n8n.node.finished","message":"n8n.node.finished","payload":{"workflowId":"nYNll669LMqmDdLe","workflowName":"Personal Finance ETL","executionId":"4","nodeType":"n8n-nodes-base.readWriteFile","nodeName":"Read/Write Files from Disk","nodeId":"08dafc94-ab60-485d-8e82-48fa1a86e732"}}
{"__type":"$$EventMessageConfirm","confirm":"5b5b5c4f-9422-4f81-bea7-13c8a4c223a4","ts":"2026-07-26T15:46:22.074+05:30","source":{"id":"0","name":"eventBus"}}
{"__type":"$$EventMessageWorkflow","id":"d74a8995-90a6-4f57-b8fc-931baec92d28","ts":"2026-07-26T15:46:22.077+05:30","eventName":"n8n.workflow.failed","message":"n8n.workflow.failed","payload":{"userId":"293702ed-3264-4a03-95ae-718b64724fe5","executionId":"4","success":false,"isManual":true,"mode":"manual","workflowId":"nYNll669LMqmDdLe","workflowName":"Personal Finance ETL","projectId":"D4m0ndEyt92ibYSD","projectName":"vinay agrawal <vinayagarwal5@gmail.com>","lastNodeExecuted":"Read/Write Files from Disk","errorNodeType":"n8n-nodes-base.readWriteFile","errorMessage":"No file(s) found"}}
{"__type":"$$EventMessageConfirm","confirm":"d74a8995-90a6-4f57-b8fc-931baec92d28","ts":"2026-07-26T15:46:22.077+05:30","source":{"id":"0","name":"eventBus"}}
{"__type":"$$EventMessageAudit","id":"39f80ee9-1f3b-4c96-b83f-7a555168b3ab","ts":"2026-07-26T16:14:30.457+05:30","eventName":"n8n.audit.workflow.updated","message":"n8n.audit.workflow.updated","payload":{"userId":"293702ed-3264-4a03-95ae-718b64724fe5","_email":"vinayagarwal5@gmail.com","_firstName":"vinay","_lastName":"agrawal","globalRole":"global:owner","workflowId":"nYNll669LMqmDdLe","workflowName":"Personal Finance ETL"}}
{"__type":"$$EventMessageConfirm","confirm":"39f80ee9-1f3b-4c96-b83f-7a555168b3ab","ts":"2026-07-26T16:14:30.458+05:30","source":{"id":"0","name":"eventBus"}}
{"__type":"$$EventMessageAudit","id":"fe3e5bf5-027b-4934-b383-e338dcca51c4","ts":"2026-07-26T16:14:48.321+05:30","eventName":"n8n.audit.workflow.updated","message":"n8n.audit.workflow.updated","payload":{"userId":"293702ed-3264-4a03-95ae-718b64724fe5","_email":"vinayagarwal5@gmail.com","_firstName":"vinay","_lastName":"agrawal","globalRole":"global:owner","workflowId":"nYNll669LMqmDdLe","workflowName":"Personal Finance ETL"}}
{"__type":"$$EventMessageConfirm","confirm":"fe3e5bf5-027b-4934-b383-e338dcca51c4","ts":"2026-07-26T16:14:48.321+05:30","source":{"id":"0","name":"eventBus"}}
{"__type":"$$EventMessageAudit","id":"a7867eab-a5cc-4b3e-a6d6-1fcbc32a0fb0","ts":"2026-07-26T16:15:06.169+05:30","eventName":"n8n.audit.workflow.updated","message":"n8n.audit.workflow.updated","payload":{"userId":"293702ed-3264-4a03-95ae-718b64724fe5","_email":"vinayagarwal5@gmail.com","_firstName":"vinay","_lastName":"agrawal","globalRole":"global:owner","workflowId":"nYNll669LMqmDdLe","workflowName":"Personal Finance ETL"}}
{"__type":"$$EventMessageConfirm","confirm":"a7867eab-a5cc-4b3e-a6d6-1fcbc32a0fb0","ts":"2026-07-26T16:15:06.169+05:30","source":{"id":"0","name":"eventBus"}}
{"__type":"$$EventMessageAudit","id":"6cd6d048-3da4-4149-bbbf-f218ad2a1c2e","ts":"2026-07-26T16:15:19.557+05:30","eventName":"n8n.audit.workflow.executed","message":"n8n.audit.workflow.executed","payload":{"userId":"293702ed-3264-4a03-95ae-718b64724fe5","_email":"vinayagarwal5@gmail.com","_firstName":"vinay","_lastName":"agrawal","globalRole":"global:owner","workflowId":"nYNll669LMqmDdLe","workflowName":"Personal Finance ETL","executionId":"5","source":"user-manual"}}
{"__type":"$$EventMessageConfirm","confirm":"6cd6d048-3da4-4149-bbbf-f218ad2a1c2e","ts":"2026-07-26T16:15:19.557+05:30","source":{"id":"0","name":"eventBus"}}
{"__type":"$$EventMessageWorkflow","id":"05d721f5-919c-4518-912d-80b0d0343624","ts":"2026-07-26T16:15:19.558+05:30","eventName":"n8n.workflow.started","message":"n8n.workflow.started","payload":{"executionId":"5","workflowId":"nYNll669LMqmDdLe","isManual":false,"mode":"manual","workflowName":"Personal Finance ETL","projectId":"D4m0ndEyt92ibYSD","projectName":"vinay agrawal <vinayagarwal5@gmail.com>"}}
{"__type":"$$EventMessageConfirm","confirm":"05d721f5-919c-4518-912d-80b0d0343624","ts":"2026-07-26T16:15:19.558+05:30","source":{"id":"0","name":"eventBus"}}
{"__type":"$$EventMessageNode","id":"6542433a-53ec-4d9b-a39f-dd983353da0b","ts":"2026-07-26T16:15:19.574+05:30","eventName":"n8n.node.started","message":"n8n.node.started","payload":{"workflowId":"nYNll669LMqmDdLe","workflowName":"Personal Finance ETL","executionId":"5","nodeType":"n8n-nodes-base.readWriteFile","nodeName":"Read/Write Files from Disk","nodeId":"08dafc94-ab60-485d-8e82-48fa1a86e732"}}
{"__type":"$$EventMessageConfirm","confirm":"6542433a-53ec-4d9b-a39f-dd983353da0b","ts":"2026-07-26T16:15:19.574+05:30","source":{"id":"0","name":"eventBus"}}
{"__type":"$$EventMessageNode","id":"904cb276-dfbf-44e3-b579-0cd0c3489a6d","ts":"2026-07-26T16:15:19.581+05:30","eventName":"n8n.node.finished","message":"n8n.node.finished","payload":{"workflowId":"nYNll669LMqmDdLe","workflowName":"Personal Finance ETL","executionId":"5","nodeType":"n8n-nodes-base.readWriteFile","nodeName":"Read/Write Files from Disk","nodeId":"08dafc94-ab60-485d-8e82-48fa1a86e732"}}
{"__type":"$$EventMessageConfirm","confirm":"904cb276-dfbf-44e3-b579-0cd0c3489a6d","ts":"2026-07-26T16:15:19.581+05:30","source":{"id":"0","name":"eventBus"}}
{"__type":"$$EventMessageWorkflow","id":"9da2fae2-0300-41a2-a4fd-75f2137f998c","ts":"2026-07-26T16:15:19.584+05:30","eventName":"n8n.workflow.failed","message":"n8n.workflow.failed","payload":{"userId":"293702ed-3264-4a03-95ae-718b64724fe5","executionId":"5","success":false,"isManual":true,"mode":"manual","workflowId":"nYNll669LMqmDdLe","workflowName":"Personal Finance ETL","projectId":"D4m0ndEyt92ibYSD","projectName":"vinay agrawal <vinayagarwal5@gmail.com>","lastNodeExecuted":"Read/Write Files from Disk","errorNodeType":"n8n-nodes-base.readWriteFile","errorMessage":"Access to the file is not allowed. Allowed paths: /home/node/.n8n-files"}}
{"__type":"$$EventMessageConfirm","confirm":"9da2fae2-0300-41a2-a4fd-75f2137f998c","ts":"2026-07-26T16:15:19.584+05:30","source":{"id":"0","name":"eventBus"}}
{"__type":"$$EventMessageAudit","id":"f836f0d9-82ca-4bb6-adc1-887de6ce64e8","ts":"2026-07-26T16:15:21.514+05:30","eventName":"n8n.audit.workflow.updated","message":"n8n.audit.workflow.updated","payload":{"userId":"293702ed-3264-4a03-95ae-718b64724fe5","_email":"vinayagarwal5@gmail.com","_firstName":"vinay","_lastName":"agrawal","globalRole":"global:owner","workflowId":"nYNll669LMqmDdLe","workflowName":"Personal Finance ETL"}}
{"__type":"$$EventMessageConfirm","confirm":"f836f0d9-82ca-4bb6-adc1-887de6ce64e8","ts":"2026-07-26T16:15:21.514+05:30","source":{"id":"0","name":"eventBus"}}
